[Bootstrap]
SetupTitle=Install
SetupText=Copying Files, please stand by.
CabFile=Stock.CAB
Spawn=Setup1.exe
Uninstal=st6unst.exe
TmpDir=msftqws.pdw
Cabs=1

[Bootstrap Files]
File1=@VB6STKIT.DLL,$(WinSysPathSysFile),,,6/18/98 12:00:00 AM,102912,6.0.81.69
File2=@COMCAT.DLL,$(WinSysPathSysFile),$(DLLSelfRegister),,5/31/98 12:00:00 AM,22288,4.71.1460.1
File3=@MSVCRT40.DLL,$(WinSysPathSysFile),,,5/31/98 12:00:00 AM,326656,4.21.0.0
File4=@msvbvm50.dll,$(WinSysPathSysFile),$(DLLSelfRegister),,10/8/11 4:15:02 PM,1355776,5.2.82.44
File5=@stdole2.tlb,$(WinSysPathSysFile),$(TLBRegister),,2/17/07 4:02:10 AM,16896,5.2.3790.3959
File6=@asycfilt.dll,$(WinSysPathSysFile),,,2/17/07 2:18:02 AM,65536,5.2.3790.3959
File7=@olepro32.dll,$(WinSysPathSysFile),$(DLLSelfRegister),,2/17/07 3:43:16 AM,84480,5.2.3790.3959
File8=@oleaut32.dll,$(WinSysPathSysFile),$(DLLSelfRegister),,2/17/07 3:43:14 AM,552960,5.2.3790.3959
File9=@msvbvm60.dll,$(WinSysPathSysFile),$(DLLSelfRegister),,2/17/07 3:36:48 AM,1386496,6.0.97.82

[IconGroups]
Group0=Anicalans
PrivateGroup0=True
Parent0=$(Programs)

[Anicalans]
Icon1="Stock.exe"
Title1=Anicalans
StartIn1=$(AppPath)

[Setup]
Title=Anicalans
DefaultDir=$(ProgramFiles)\Stock
AppExe=Stock.exe
AppToUninstall=Stock.exe

[Setup1 Files]
File1=@MDAC_TYP.EXE,$(AppPath),,,6/26/98 12:00:00 AM,8124720,4.71.1015.0
File2=@ss32x25.ocx,$(WinSysPath),$(DLLSelfRegister),$(Shared),12/9/96 3:40:18 PM,703984,2.5.0.20
File3=@MSWINSCK.OCX,$(WinSysPath),$(DLLSelfRegister),$(Shared),12/6/00 1:32:20 PM,114688,6.0.89.88
File4=@VIDTC3.OCX,$(WinSysPath),$(DLLSelfRegister),$(Shared),6/23/98 12:00:00 AM,566304,6.0.0.8160
File5=@VCMVMB.OCX,$(WinSysPath),$(DLLSelfRegister),$(Shared),6/24/98 12:00:00 AM,95264,6.0.0.8169
File6=@MSSTDFMT.DLL,$(WinSysPath),$(DLLSelfRegister),$(Shared),9/23/05 5:50:30 AM,131072,6.0.88.4
File7=@MSHFLXGD.OCX,$(WinSysPath),$(DLLSelfRegister),$(Shared),5/7/99 8:54:42 AM,442368,6.0.84.18
File8=@COMCTL32.OCX,$(WinSysPath),$(DLLSelfRegister),$(Shared),6/23/98 9:00:00 PM,622592,6.0.80.22
File9=@RICHED32.DLL,$(WinSysPathSysFile),,,5/7/98 12:00:00 AM,174352,4.0.993.4
File10=@RICHTX32.OCX,$(WinSysPath),$(DLLSelfRegister),$(Shared),6/11/15 4:41:59 PM,203576,6.0.81.69
File11=@MSCHRT20.OCX,$(WinSysPath),$(DLLSelfRegister),$(Shared),6/26/98 12:00:00 AM,1008432,6.0.81.77
File12=@MSCOMCTL.OCX,$(WinSysPath),$(DLLSelfRegister),$(Shared),5/22/00 4:58:10 PM,1077336,6.1.95.45
File13=@MSCOMCT2.OCX,$(WinSysPath),$(DLLSelfRegister),$(Shared),5/22/00 4:58:00 PM,655360,6.0.88.4
File14=@MSDATGRD.OCX,$(WinSysPath),$(DLLSelfRegister),$(Shared),6/23/98 8:30:00 PM,262144,6.0.81.69
File15=@TABCTL32.OCX,$(WinSysPath),$(DLLSelfRegister),$(Shared),6/23/98 8:30:00 PM,209192,6.0.81.69
File16=@MSADODC.OCX,$(WinSysPath),$(DLLSelfRegister),$(Shared),6/23/98 8:30:00 PM,131072,6.0.81.71
File17=@MSCOMM32.OCX,$(WinSysPath),$(DLLSelfRegister),$(Shared),6/24/98 12:00:00 AM,103744,6.0.81.69
File18=@MSMASK32.OCX,$(WinSysPath),$(DLLSelfRegister),$(Shared),12/5/06 11:22:00 AM,180224,6.0.84.18
File19=@MSFLXGRD.OCX,$(WinSysPath),$(DLLSelfRegister),$(Shared),6/23/98 8:30:00 PM,245760,6.0.81.69
File20=@COMDLG32.OCX,$(WinSysPath),$(DLLSelfRegister),$(Shared),4/30/09 7:11:26 AM,140288,6.0.84.18
File21=@EXCEL.EXE,$(AppPath),,,10/27/06 3:07:36 PM,17891112,12.0.4518.1014
File22=@JExcelPosting.dll,$(WinSysPath),$(DLLSelfRegister),$(Shared),3/7/13 5:33:00 PM,126976,13.3.0.7
File23=@JilInkJetPrint.dll,$(WinSysPath),$(DLLSelfRegister),$(Shared),7/17/13 7:30:56 PM,118784,13.7.0.17
File24=@hnetcfg.dll,$(WinSysPath),$(DLLSelfRegister),$(Shared),2/17/07 3:14:26 AM,355328,5.2.3790.3959
File25=@RDOCURS.DLL,$(WinSysPath),,$(Shared),6/18/98 12:00:00 AM,151552,5.0.81.69
File26=@MSRDO20.DLL,$(WinSysPath),$(DLLSelfRegister),$(Shared),6/18/98 12:00:00 AM,393216,6.0.81.69
File27=@JilExcelPost.Dll,$(WinSysPath),$(DLLSelfRegister),$(Shared),11/14/09 8:02:16 PM,196608,9.1.0.19
File28=@jMenuRights.dll,$(WinSysPath),$(DLLSelfRegister),$(Shared),9/15/09 1:44:42 PM,81920,9.8.0.21
File29=@VB5DB.DLL,$(WinSysPath),,$(Shared),6/18/98 12:00:00 AM,89360,6.0.81.69
File30=@MSREPL35.DLL,$(WinSysPathSysFile),,,4/24/98 12:00:00 AM,407312,3.51.623.0
File31=@MSRD2X35.DLL,$(WinSysPathSysFile),$(DLLSelfRegister),,4/24/98 12:00:00 AM,252176,3.51.623.0
File32=@expsrv.dll,$(WinSysPathSysFile),,,2/17/07 2:58:36 AM,380957,6.0.72.9589
File33=@vbajet32.dll,$(WinSysPathSysFile),,,5/26/06 2:11:10 AM,30749,6.0.1.9431
File34=@MSJINT35.DLL,$(WinSysPathSysFile),,,4/24/98 12:00:00 AM,123664,3.51.623.0
File35=@MSJTER35.DLL,$(WinSysPathSysFile),,,4/24/98 12:00:00 AM,24848,3.51.623.0
File36=@MSJET35.DLL,$(WinSysPathSysFile),$(DLLSelfRegister),,4/24/98 12:00:00 AM,1045776,3.51.623.4
File37=@DAO350.DLL,$(MSDAOPath),$(DLLSelfRegister),$(Shared),4/27/98 12:00:00 AM,570128,3.51.1608.0
File38=@DAO2535.TLB,$(MSDAOPath),$(TLBRegister),$(Shared),5/15/98 12:00:00 AM,73184,0.0.0.0
File39=@msadox.dll,$(WinSysPath),$(DLLSelfRegister),$(Shared),5/26/06 2:11:10 AM,229376,2.82.1830.0
File40=@jildll.dll,$(WinSysPath),$(DLLSelfRegister),$(Shared),4/30/09 10:41:26 AM,49152,1.0.0.0
File41=@JilInjectPrint.dll,$(WinSysPath),$(DLLSelfRegister),$(Shared),4/30/09 10:41:26 AM,102400,1.0.0.0
File42=@msado25.tlb,$(WinSysPath),,$(Shared),2/17/07 3:34:18 AM,81920,2.82.3959.0
File43=@FillGridToExcel.dll,$(WinSysPath),$(DLLSelfRegister),$(Shared),9/7/01 10:09:08 PM,24576,1.0.0.0
File44=@msvcrt.dll,$(WinSysPathSysFile),,,2/17/07 3:36:50 AM,348672,7.0.3790.3959
File45=@scrrun.dll,$(WinSysPath),$(DLLSelfRegister),$(Shared),2/17/07 3:58:40 AM,151552,5.6.0.8832
File46=@MSBIND.DLL,$(WinSysPath),$(DLLSelfRegister),$(Shared),6/18/98 12:00:00 AM,77824,6.0.81.69
File47=@Stock.exe,$(AppPath),,,8/21/15 11:22:20 AM,46743552,15.34.0.0

; The following lines may be deleted in order to obtain extra 
; space for customizing this file on a full installation diskette.
; 
; XXXXXXXXXXXXXXXXXXXXXXXXXXXXXXXXXXXXXXXXXXXXXXXXXXXXXXXXXXXX
; XXXXXXXXXXXXXXXXXXXXXXXXXXXXXXXXXXXXXXXXXXXXXXXXXXXXXXXXXXXX
; XXXXXXXXXXXXXXXXXXXXXXXXXXXXXXXXXXXXXXXXXXXXXXXXXXXXXXXXXXXX
; XXXXXXXXXXXXXXXXXXXXXXXXXXXXXXXXXXXXXXXXXXXXXXXXXXXXXXXXXXXX
; XXXXXXXXXXXXXXXXXXXXXXXXXXXXXXXXXXXXXXXXXXXXXXXXXXXXXXXXXXXX
; XXXXXXXXXXXXXXXXXXXXXXXXXXXXXXXXXXXXXXXXXXXXXXXXXXXXXXXXXXXX
; XXXXXXXXXXXXXXXXXXXXXXXXXXXXXXXXXXXXXXXXXXXXXXXXXXXXXXXXXXXX
; XXXXXXXXXXXXXXXXXXXXXXXXXXXXXXXXXXXXXXXXXXXXXXXXXXXXXXXXXXXX
; XXXXXXXXXXXXXXXXXXXXXXXXXXXXXXXXXXXXXXXXXXXXXXXXXXXXXXXXXXXX
; XXXXXXXXXXXXXXXXXXXXXXXXXXXXXXXXXXXXXXXXXXXXXXXXXXXXXXXXXXXX
; XXXXXXXXXXXXXXXXXXXXXXXXXXXXXXXXXXXXXXXXXXXXXXXXXXXXXXXXXXXX
; XXXXXXXXXXXXXXXXXXXXXXXXXXXXXXXXXXXXXXXXXXXXXXXXXXXXXXXXXXXX
; XXXXXXXXXXXXXXXXXXXXXXXXXXXXXXXXXXXXXXXXXXXXXXXXXXXXXXXXXXXX
; XXXXXXXXXXXXXXXXXXXXXXXXXXXXXXXXXXXXXXXXXXXXXXXXXXXXXXXXXXXX
; XXXXXXXXXXXXXXXXXXXXXXXXXXXXXXXXXXXXXXXXXXXXXXXXXXXXXXXXXXXX
; XXXXXXXXXXXXXXXXXXXXXXXXXXXXXXXXXXXXXXXXXXXXXXXXXXXXXXXXXXXX
; XXXXXXXXXXXXXXXXXXXXXXXXXXXXXXXXXXXXXXXXXXXXXXXXXXXXXXXXXXXX
; XXXXXXXXXXXXXXXXXXXXXXXXXXXXXXXXXXXXXXXXXXXXXXXXXXXXXXXXXXXX
; XXXXXXXXXXXXXXXXXXXXXXXXXXXXXXXXXXXXXXXXXXXXXXXXXXXXXXXXXXXX
; XXXXXXXXXXXXXXXXXXXXXXXXXXXXXXXXXXXXXXXXXXXXXXXXXXXXXXXXXXXX
; XXXXXXXXXXXXXXXXXXXXXXXXXXXXXXXXXXXXXXXXXXXXXXXXXXXXXXXXXXXX
; XXXXXXXXXXXXXXXXXXXXXXXXXXXXXXXXXXXXXXXXXXXXXXXXXXXXXXXXXXXX
; XXXXXXXXXXXXXXXXXXXXXXXXXXXXXXXXXXXXXXXXXXXXXXXXXXXXXXXXXXXX
; XXXXXXXXXXXXXXXXXXXXXXXXXXXXXXXXXXXXXXXXXXXXXXXXXXXXXXXXXXXX
; XXXXXXXXXXXXXXXXXXXXXXXXXXXXXXXXXXXXXXXXXXXXXXXXXXXXXXXXXXXX
; XXXXXXXXXXXXXXXXXXXXXXXXXXXXXXXXXXXXXXXXXXXXXXXXXXXXXXXXXXXX
; XXXXXXXXXXXXXXXXXXXXXXXXXXXXXXXXXXXXXXXXXXXXXXXXXXXXXXXXXXXX
; XXXXXXXXXXXXXXXXXXXXXXXXXXXXXXXXXXXXXXXXXXXXXXXXXXXXXXXXXXXX
; XXXXXXXXXXXXXXXXXXXXXXXXXXXXXXXXXXXXXXXXXXXXXXXXXXXXXXXXXXXX
; XXXXXXXXXXXXXXXXXXXXXXXXXXXXXXXXXXXXXXXXXXXXXXXXXXXXXXXXXXXX
; XXXXXXXXXXXXXXXXXXXXXXXXXXXXXXXXXXXXXXXXXXXXXXXXXXXXXXXXXXXX
; XXXXXXXXXXXXXXXXXXXXXXXXXXXXXXXXXXXXXXXXXXXXXXXXXXXXXXXXXXXX
; XXXXXXXXXXXXXXXXXXXXXXXXXXXXXXXXXXXXXXXXXXXXXXXXXXXXXXXXXXXX
; XXXXXXXXXXXXXXXXXXXXXXXXXXXXXXXXXXXXXXXXXXXXXXXXXXXXXXXXXXXX
; XXXXXXXXXXXXXXXXXXXXXXXXXXXXXXXXXXXXXXXXXXXXXXXXXXXXXXXXXXXX
